package p

var saveRef int

func useIdentifier() {
	_ = saveRef // want "undefined identifier"
}
