package p

import _ "example.com/testmod/storage" // want "cannot resolve import"
